[INFO] [launch]: All log files can be found below /root/.ros/log/2026-06-26-07-32-20-934505-31e455875862-24
[INFO] [launch]: Default logging verbosity is set to INFO
[INFO] [rtabmap-1]: process started with pid [28]
[rtabmap-1] [0m[INFO] [1782459141.856574087] [rtabmap.rtabmap]: rtabmap(maps): latch                      = true[0m
[rtabmap-1] [0m[INFO] [1782459141.860574212] [rtabmap.rtabmap]: rtabmap(maps): map_filter_radius          = 0.000000[0m
[rtabmap-1] [0m[INFO] [1782459141.861810920] [rtabmap.rtabmap]: rtabmap(maps): map_filter_angle           = 30.000000[0m
[rtabmap-1] [0m[INFO] [1782459141.862287045] [rtabmap.rtabmap]: rtabmap(maps): map_cleanup                = true[0m
[rtabmap-1] [0m[INFO] [1782459141.862422670] [rtabmap.rtabmap]: rtabmap(maps): map_always_update          = false[0m
[rtabmap-1] [0m[INFO] [1782459141.862513420] [rtabmap.rtabmap]: rtabmap(maps): map_empty_ray_tracing      = true[0m
[rtabmap-1] [0m[INFO] [1782459141.862526212] [rtabmap.rtabmap]: rtabmap(maps): cloud_output_voxelized     = true[0m
[rtabmap-1] [0m[INFO] [1782459141.862531712] [rtabmap.rtabmap]: rtabmap(maps): cloud_subtract_filtering   = false[0m
[rtabmap-1] [0m[INFO] [1782459141.862682837] [rtabmap.rtabmap]: rtabmap(maps): cloud_subtract_filtering_min_neighbors = 2[0m
[rtabmap-1] [0m[INFO] [1782459141.863134587] [rtabmap.rtabmap]: rtabmap(maps): octomap_tree_depth         = 16[0m
[rtabmap-1] [0m[INFO] [1782459141.897569503] [rtabmap.rtabmap]: rtabmap: frame_id      = tb3_1/base_footprint[0m
[rtabmap-1] [0m[INFO] [1782459141.897608545] [rtabmap.rtabmap]: rtabmap: odom_frame_id = tb3_1/odom[0m
[rtabmap-1] [0m[INFO] [1782459141.897960212] [rtabmap.rtabmap]: rtabmap: map_frame_id  = map[0m
[rtabmap-1] [0m[INFO] [1782459141.898058295] [rtabmap.rtabmap]: rtabmap: log_to_rosout_level  = 4[0m
[rtabmap-1] [0m[INFO] [1782459141.898277462] [rtabmap.rtabmap]: rtabmap: initial_pose  = [0m
[rtabmap-1] [0m[INFO] [1782459141.898304045] [rtabmap.rtabmap]: rtabmap: use_action_for_goal  = false[0m
[rtabmap-1] [0m[INFO] [1782459141.898324712] [rtabmap.rtabmap]: rtabmap: tf_delay      = 0.050000[0m
[rtabmap-1] [0m[INFO] [1782459141.898688378] [rtabmap.rtabmap]: rtabmap: tf_tolerance  = 0.100000[0m
[rtabmap-1] [0m[INFO] [1782459141.898723920] [rtabmap.rtabmap]: rtabmap: odom_sensor_sync   = false[0m
[rtabmap-1] [0m[INFO] [1782459141.898745337] [rtabmap.rtabmap]: rtabmap: pub_loc_pose_only_when_localizing = false[0m
[rtabmap-1] [0m[INFO] [1782459141.898759462] [rtabmap.rtabmap]: rtabmap: wait_for_transform = 1.000000[0m
[rtabmap-1] [0m[INFO] [1782459141.898771295] [rtabmap.rtabmap]: rtabmap: gen_scan  = false[0m
[rtabmap-1] [0m[INFO] [1782459141.898776878] [rtabmap.rtabmap]: rtabmap: gen_depth  = false[0m
[rtabmap-1] [0m[INFO] [1782459141.929887795] [rtabmap.rtabmap]: Setting RTAB-Map parameter "Mem/IncrementalMemory"="true" (rosparam)[0m
[rtabmap-1] [0m[INFO] [1782459141.930406212] [rtabmap.rtabmap]: Setting RTAB-Map parameter "Mem/InitWMWithAllNodes"="false" (rosparam)[0m
[rtabmap-1] [0m[INFO] [1782459142.012699378] [rtabmap.rtabmap]: RTAB-Map detection rate = 1.000000 Hz[0m
[rtabmap-1] [0m[INFO] [1782459142.014588170] [rtabmap.rtabmap]: rtabmap: Using database from "/out/rtabmap.db" (0 MB).[0m
[rtabmap-1] [0m[INFO] [1782459142.055625837] [rtabmap.rtabmap]: rtabmap: Database version = "0.22.1".[0m
[rtabmap-1] [0m[INFO] [1782459142.056107878] [rtabmap.rtabmap]: rtabmap: SLAM mode (Mem/IncrementalMemory=true)[0m
[rtabmap-1] [0m[INFO] [1782459142.083352670] [rtabmap.rtabmap]: Setup callbacks[0m
[rtabmap-1] [0m[INFO] [1782459142.085672837] [rtabmap.rtabmap]: rtabmap: subscribe_depth = true[0m
[rtabmap-1] [0m[INFO] [1782459142.085698920] [rtabmap.rtabmap]: rtabmap: subscribe_rgb = true[0m
[rtabmap-1] [0m[INFO] [1782459142.085725295] [rtabmap.rtabmap]: rtabmap: subscribe_stereo = false[0m
[rtabmap-1] [0m[INFO] [1782459142.085742003] [rtabmap.rtabmap]: rtabmap: subscribe_rgbd = false (rgbd_cameras=1)[0m
[rtabmap-1] [0m[INFO] [1782459142.085749712] [rtabmap.rtabmap]: rtabmap: subscribe_sensor_data = false[0m
[rtabmap-1] [0m[INFO] [1782459142.085760003] [rtabmap.rtabmap]: rtabmap: subscribe_odom_info = false[0m
[rtabmap-1] [0m[INFO] [1782459142.085765462] [rtabmap.rtabmap]: rtabmap: subscribe_user_data = false[0m
[rtabmap-1] [0m[INFO] [1782459142.085770295] [rtabmap.rtabmap]: rtabmap: subscribe_scan = false[0m
[rtabmap-1] [0m[INFO] [1782459142.085775170] [rtabmap.rtabmap]: rtabmap: subscribe_scan_cloud = false[0m
[rtabmap-1] [0m[INFO] [1782459142.085780212] [rtabmap.rtabmap]: rtabmap: subscribe_scan_descriptor = false[0m
[rtabmap-1] [0m[INFO] [1782459142.085834712] [rtabmap.rtabmap]: rtabmap: topic_queue_size = 100[0m
[rtabmap-1] [0m[INFO] [1782459142.085893045] [rtabmap.rtabmap]: rtabmap: sync_queue_size  = 100[0m
[rtabmap-1] [0m[INFO] [1782459142.085953212] [rtabmap.rtabmap]: rtabmap: qos_image       = 2[0m
[rtabmap-1] [0m[INFO] [1782459142.085998712] [rtabmap.rtabmap]: rtabmap: qos_camera_info = 2[0m
[rtabmap-1] [0m[INFO] [1782459142.086054503] [rtabmap.rtabmap]: rtabmap: qos_scan        = 2[0m
[rtabmap-1] [0m[INFO] [1782459142.086102587] [rtabmap.rtabmap]: rtabmap: qos_odom        = 1[0m
[rtabmap-1] [0m[INFO] [1782459142.086186837] [rtabmap.rtabmap]: rtabmap: qos_user_data   = 2[0m
[rtabmap-1] [0m[INFO] [1782459142.086201878] [rtabmap.rtabmap]: rtabmap: approx_sync     = true[0m
[rtabmap-1] [0m[INFO] [1782459142.086464628] [rtabmap.rtabmap]: Setup depth callback[0m
[rtabmap-1] [0m[INFO] [1782459142.107728253] [rtabmap.rtabmap]: 
[rtabmap-1] rtabmap subscribed to (approx sync):
[rtabmap-1]    /tb3_1/camera/color/image_raw \
[rtabmap-1]    /tb3_1/camera/aligned_depth_to_color/image_raw \
[rtabmap-1]    /tb3_1/camera/aligned_depth_to_color/camera_info[0m
[rtabmap-1] [33m[WARN] [1782459147.119177089] [rtabmap.rtabmap]: rtabmap: Did not receive data since 5 seconds! Make sure the input topics are published ("$ ros2 topic hz my_topic") and the timestamps in their header are set. If topics are coming from different computers, make sure the clocks of the computers are synchronized ("ntpdate"). Ajusting topic_queue_size (100) and sync_queue_size (100) can also help for better synchronization if framerates and/or delays are different. If topics are not published at the same rate, you could increase "sync_queue_size" and/or "topic_queue_size" parameters (current=100 and 100 respectively).
[rtabmap-1] rtabmap subscribed to (approx sync):
[rtabmap-1]    /tb3_1/camera/color/image_raw \
[rtabmap-1]    /tb3_1/camera/aligned_depth_to_color/image_raw \
[rtabmap-1]    /tb3_1/camera/aligned_depth_to_color/camera_info[0m
[rtabmap-1] [33m[WARN] [1782459152.117124841] [rtabmap.rtabmap]: rtabmap: Did not receive data since 5 seconds! Make sure the input topics are published ("$ ros2 topic hz my_topic") and the timestamps in their header are set. If topics are coming from different computers, make sure the clocks of the computers are synchronized ("ntpdate"). Ajusting topic_queue_size (100) and sync_queue_size (100) can also help for better synchronization if framerates and/or delays are different. If topics are not published at the same rate, you could increase "sync_queue_size" and/or "topic_queue_size" parameters (current=100 and 100 respectively).
[rtabmap-1] rtabmap subscribed to (approx sync):
[rtabmap-1]    /tb3_1/camera/color/image_raw \
[rtabmap-1]    /tb3_1/camera/aligned_depth_to_color/image_raw \
[rtabmap-1]    /tb3_1/camera/aligned_depth_to_color/camera_info[0m
[rtabmap-1] [33m[WARN] [1782459157.119267010] [rtabmap.rtabmap]: rtabmap: Did not receive data since 5 seconds! Make sure the input topics are published ("$ ros2 topic hz my_topic") and the timestamps in their header are set. If topics are coming from different computers, make sure the clocks of the computers are synchronized ("ntpdate"). Ajusting topic_queue_size (100) and sync_queue_size (100) can also help for better synchronization if framerates and/or delays are different. If topics are not published at the same rate, you could increase "sync_queue_size" and/or "topic_queue_size" parameters (current=100 and 100 respectively).
[rtabmap-1] rtabmap subscribed to (approx sync):
[rtabmap-1]    /tb3_1/camera/color/image_raw \
[rtabmap-1]    /tb3_1/camera/aligned_depth_to_color/image_raw \
[rtabmap-1]    /tb3_1/camera/aligned_depth_to_color/camera_info[0m
[rtabmap-1] [33m[WARN] [1782459162.117410305] [rtabmap.rtabmap]: rtabmap: Did not receive data since 5 seconds! Make sure the input topics are published ("$ ros2 topic hz my_topic") and the timestamps in their header are set. If topics are coming from different computers, make sure the clocks of the computers are synchronized ("ntpdate"). Ajusting topic_queue_size (100) and sync_queue_size (100) can also help for better synchronization if framerates and/or delays are different. If topics are not published at the same rate, you could increase "sync_queue_size" and/or "topic_queue_size" parameters (current=100 and 100 respectively).
[rtabmap-1] rtabmap subscribed to (approx sync):
[rtabmap-1]    /tb3_1/camera/color/image_raw \
[rtabmap-1]    /tb3_1/camera/aligned_depth_to_color/image_raw \
[rtabmap-1]    /tb3_1/camera/aligned_depth_to_color/camera_info[0m
[rtabmap-1] [33m[WARN] [1782459167.116511043] [rtabmap.rtabmap]: rtabmap: Did not receive data since 5 seconds! Make sure the input topics are published ("$ ros2 topic hz my_topic") and the timestamps in their header are set. If topics are coming from different computers, make sure the clocks of the computers are synchronized ("ntpdate"). Ajusting topic_queue_size (100) and sync_queue_size (100) can also help for better synchronization if framerates and/or delays are different. If topics are not published at the same rate, you could increase "sync_queue_size" and/or "topic_queue_size" parameters (current=100 and 100 respectively).
[rtabmap-1] rtabmap subscribed to (approx sync):
[rtabmap-1]    /tb3_1/camera/color/image_raw \
[rtabmap-1]    /tb3_1/camera/aligned_depth_to_color/image_raw \
[rtabmap-1]    /tb3_1/camera/aligned_depth_to_color/camera_info[0m
[rtabmap-1] [33m[WARN] [1782459172.116805837] [rtabmap.rtabmap]: rtabmap: Did not receive data since 5 seconds! Make sure the input topics are published ("$ ros2 topic hz my_topic") and the timestamps in their header are set. If topics are coming from different computers, make sure the clocks of the computers are synchronized ("ntpdate"). Ajusting topic_queue_size (100) and sync_queue_size (100) can also help for better synchronization if framerates and/or delays are different. If topics are not published at the same rate, you could increase "sync_queue_size" and/or "topic_queue_size" parameters (current=100 and 100 respectively).
[rtabmap-1] rtabmap subscribed to (approx sync):
[rtabmap-1]    /tb3_1/camera/color/image_raw \
[rtabmap-1]    /tb3_1/camera/aligned_depth_to_color/image_raw \
[rtabmap-1]    /tb3_1/camera/aligned_depth_to_color/camera_info[0m
[rtabmap-1] [33m[WARN] [1782459177.119381422] [rtabmap.rtabmap]: rtabmap: Did not receive data since 5 seconds! Make sure the input topics are published ("$ ros2 topic hz my_topic") and the timestamps in their header are set. If topics are coming from different computers, make sure the clocks of the computers are synchronized ("ntpdate"). Ajusting topic_queue_size (100) and sync_queue_size (100) can also help for better synchronization if framerates and/or delays are different. If topics are not published at the same rate, you could increase "sync_queue_size" and/or "topic_queue_size" parameters (current=100 and 100 respectively).
[rtabmap-1] rtabmap subscribed to (approx sync):
[rtabmap-1]    /tb3_1/camera/color/image_raw \
[rtabmap-1]    /tb3_1/camera/aligned_depth_to_color/image_raw \
[rtabmap-1]    /tb3_1/camera/aligned_depth_to_color/camera_info[0m
[rtabmap-1] [33m[WARN] [1782459182.117250591] [rtabmap.rtabmap]: rtabmap: Did not receive data since 5 seconds! Make sure the input topics are published ("$ ros2 topic hz my_topic") and the timestamps in their header are set. If topics are coming from different computers, make sure the clocks of the computers are synchronized ("ntpdate"). Ajusting topic_queue_size (100) and sync_queue_size (100) can also help for better synchronization if framerates and/or delays are different. If topics are not published at the same rate, you could increase "sync_queue_size" and/or "topic_queue_size" parameters (current=100 and 100 respectively).
[rtabmap-1] rtabmap subscribed to (approx sync):
[rtabmap-1]    /tb3_1/camera/color/image_raw \
[rtabmap-1]    /tb3_1/camera/aligned_depth_to_color/image_raw \
[rtabmap-1]    /tb3_1/camera/aligned_depth_to_color/camera_info[0m
[rtabmap-1] [33m[WARN] [1782459187.117215010] [rtabmap.rtabmap]: rtabmap: Did not receive data since 5 seconds! Make sure the input topics are published ("$ ros2 topic hz my_topic") and the timestamps in their header are set. If topics are coming from different computers, make sure the clocks of the computers are synchronized ("ntpdate"). Ajusting topic_queue_size (100) and sync_queue_size (100) can also help for better synchronization if framerates and/or delays are different. If topics are not published at the same rate, you could increase "sync_queue_size" and/or "topic_queue_size" parameters (current=100 and 100 respectively).
[rtabmap-1] rtabmap subscribed to (approx sync):
[rtabmap-1]    /tb3_1/camera/color/image_raw \
[rtabmap-1]    /tb3_1/camera/aligned_depth_to_color/image_raw \
[rtabmap-1]    /tb3_1/camera/aligned_depth_to_color/camera_info[0m
[rtabmap-1] [33m[WARN] [1782459192.117240555] [rtabmap.rtabmap]: rtabmap: Did not receive data since 5 seconds! Make sure the input topics are published ("$ ros2 topic hz my_topic") and the timestamps in their header are set. If topics are coming from different computers, make sure the clocks of the computers are synchronized ("ntpdate"). Ajusting topic_queue_size (100) and sync_queue_size (100) can also help for better synchronization if framerates and/or delays are different. If topics are not published at the same rate, you could increase "sync_queue_size" and/or "topic_queue_size" parameters (current=100 and 100 respectively).
[rtabmap-1] rtabmap subscribed to (approx sync):
[rtabmap-1]    /tb3_1/camera/color/image_raw \
[rtabmap-1]    /tb3_1/camera/aligned_depth_to_color/image_raw \
[rtabmap-1]    /tb3_1/camera/aligned_depth_to_color/camera_info[0m
[rtabmap-1] [33m[WARN] [1782459197.118560501] [rtabmap.rtabmap]: rtabmap: Did not receive data since 5 seconds! Make sure the input topics are published ("$ ros2 topic hz my_topic") and the timestamps in their header are set. If topics are coming from different computers, make sure the clocks of the computers are synchronized ("ntpdate"). Ajusting topic_queue_size (100) and sync_queue_size (100) can also help for better synchronization if framerates and/or delays are different. If topics are not published at the same rate, you could increase "sync_queue_size" and/or "topic_queue_size" parameters (current=100 and 100 respectively).
[rtabmap-1] rtabmap subscribed to (approx sync):
[rtabmap-1]    /tb3_1/camera/color/image_raw \
[rtabmap-1]    /tb3_1/camera/aligned_depth_to_color/image_raw \
[rtabmap-1]    /tb3_1/camera/aligned_depth_to_color/camera_info[0m
[rtabmap-1] [33m[WARN] [1782459202.116164170] [rtabmap.rtabmap]: rtabmap: Did not receive data since 5 seconds! Make sure the input topics are published ("$ ros2 topic hz my_topic") and the timestamps in their header are set. If topics are coming from different computers, make sure the clocks of the computers are synchronized ("ntpdate"). Ajusting topic_queue_size (100) and sync_queue_size (100) can also help for better synchronization if framerates and/or delays are different. If topics are not published at the same rate, you could increase "sync_queue_size" and/or "topic_queue_size" parameters (current=100 and 100 respectively).
[rtabmap-1] rtabmap subscribed to (approx sync):
[rtabmap-1]    /tb3_1/camera/color/image_raw \
[rtabmap-1]    /tb3_1/camera/aligned_depth_to_color/image_raw \
[rtabmap-1]    /tb3_1/camera/aligned_depth_to_color/camera_info[0m
[rtabmap-1] [33m[WARN] [1782459207.119545714] [rtabmap.rtabmap]: rtabmap: Did not receive data since 5 seconds! Make sure the input topics are published ("$ ros2 topic hz my_topic") and the timestamps in their header are set. If topics are coming from different computers, make sure the clocks of the computers are synchronized ("ntpdate"). Ajusting topic_queue_size (100) and sync_queue_size (100) can also help for better synchronization if framerates and/or delays are different. If topics are not published at the same rate, you could increase "sync_queue_size" and/or "topic_queue_size" parameters (current=100 and 100 respectively).
[rtabmap-1] rtabmap subscribed to (approx sync):
[rtabmap-1]    /tb3_1/camera/color/image_raw \
[rtabmap-1]    /tb3_1/camera/aligned_depth_to_color/image_raw \
[rtabmap-1]    /tb3_1/camera/aligned_depth_to_color/camera_info[0m
[rtabmap-1] [33m[WARN] [1782459212.116467800] [rtabmap.rtabmap]: rtabmap: Did not receive data since 5 seconds! Make sure the input topics are published ("$ ros2 topic hz my_topic") and the timestamps in their header are set. If topics are coming from different computers, make sure the clocks of the computers are synchronized ("ntpdate"). Ajusting topic_queue_size (100) and sync_queue_size (100) can also help for better synchronization if framerates and/or delays are different. If topics are not published at the same rate, you could increase "sync_queue_size" and/or "topic_queue_size" parameters (current=100 and 100 respectively).
[rtabmap-1] rtabmap subscribed to (approx sync):
[rtabmap-1]    /tb3_1/camera/color/image_raw \
[rtabmap-1]    /tb3_1/camera/aligned_depth_to_color/image_raw \
[rtabmap-1]    /tb3_1/camera/aligned_depth_to_color/camera_info[0m
[rtabmap-1] [33m[WARN] [1782459217.116714635] [rtabmap.rtabmap]: rtabmap: Did not receive data since 5 seconds! Make sure the input topics are published ("$ ros2 topic hz my_topic") and the timestamps in their header are set. If topics are coming from different computers, make sure the clocks of the computers are synchronized ("ntpdate"). Ajusting topic_queue_size (100) and sync_queue_size (100) can also help for better synchronization if framerates and/or delays are different. If topics are not published at the same rate, you could increase "sync_queue_size" and/or "topic_queue_size" parameters (current=100 and 100 respectively).
[rtabmap-1] rtabmap subscribed to (approx sync):
[rtabmap-1]    /tb3_1/camera/color/image_raw \
[rtabmap-1]    /tb3_1/camera/aligned_depth_to_color/image_raw \
[rtabmap-1]    /tb3_1/camera/aligned_depth_to_color/camera_info[0m
[rtabmap-1] [33m[WARN] [1782459222.116117055] [rtabmap.rtabmap]: rtabmap: Did not receive data since 5 seconds! Make sure the input topics are published ("$ ros2 topic hz my_topic") and the timestamps in their header are set. If topics are coming from different computers, make sure the clocks of the computers are synchronized ("ntpdate"). Ajusting topic_queue_size (100) and sync_queue_size (100) can also help for better synchronization if framerates and/or delays are different. If topics are not published at the same rate, you could increase "sync_queue_size" and/or "topic_queue_size" parameters (current=100 and 100 respectively).
[rtabmap-1] rtabmap subscribed to (approx sync):
[rtabmap-1]    /tb3_1/camera/color/image_raw \
[rtabmap-1]    /tb3_1/camera/aligned_depth_to_color/image_raw \
[rtabmap-1]    /tb3_1/camera/aligned_depth_to_color/camera_info[0m
[rtabmap-1] [33m[WARN] [1782459227.120084501] [rtabmap.rtabmap]: rtabmap: Did not receive data since 5 seconds! Make sure the input topics are published ("$ ros2 topic hz my_topic") and the timestamps in their header are set. If topics are coming from different computers, make sure the clocks of the computers are synchronized ("ntpdate"). Ajusting topic_queue_size (100) and sync_queue_size (100) can also help for better synchronization if framerates and/or delays are different. If topics are not published at the same rate, you could increase "sync_queue_size" and/or "topic_queue_size" parameters (current=100 and 100 respectively).
[rtabmap-1] rtabmap subscribed to (approx sync):
[rtabmap-1]    /tb3_1/camera/color/image_raw \
[rtabmap-1]    /tb3_1/camera/aligned_depth_to_color/image_raw \
[rtabmap-1]    /tb3_1/camera/aligned_depth_to_color/camera_info[0m
[rtabmap-1] [33m[WARN] [1782459232.116440295] [rtabmap.rtabmap]: rtabmap: Did not receive data since 5 seconds! Make sure the input topics are published ("$ ros2 topic hz my_topic") and the timestamps in their header are set. If topics are coming from different computers, make sure the clocks of the computers are synchronized ("ntpdate"). Ajusting topic_queue_size (100) and sync_queue_size (100) can also help for better synchronization if framerates and/or delays are different. If topics are not published at the same rate, you could increase "sync_queue_size" and/or "topic_queue_size" parameters (current=100 and 100 respectively).
[rtabmap-1] rtabmap subscribed to (approx sync):
[rtabmap-1]    /tb3_1/camera/color/image_raw \
[rtabmap-1]    /tb3_1/camera/aligned_depth_to_color/image_raw \
[rtabmap-1]    /tb3_1/camera/aligned_depth_to_color/camera_info[0m
[rtabmap-1] [33m[WARN] [1782459237.117004089] [rtabmap.rtabmap]: rtabmap: Did not receive data since 5 seconds! Make sure the input topics are published ("$ ros2 topic hz my_topic") and the timestamps in their header are set. If topics are coming from different computers, make sure the clocks of the computers are synchronized ("ntpdate"). Ajusting topic_queue_size (100) and sync_queue_size (100) can also help for better synchronization if framerates and/or delays are different. If topics are not published at the same rate, you could increase "sync_queue_size" and/or "topic_queue_size" parameters (current=100 and 100 respectively).
[rtabmap-1] rtabmap subscribed to (approx sync):
[rtabmap-1]    /tb3_1/camera/color/image_raw \
[rtabmap-1]    /tb3_1/camera/aligned_depth_to_color/image_raw \
[rtabmap-1]    /tb3_1/camera/aligned_depth_to_color/camera_info[0m
[rtabmap-1] [33m[WARN] [1782459242.118608925] [rtabmap.rtabmap]: rtabmap: Did not receive data since 5 seconds! Make sure the input topics are published ("$ ros2 topic hz my_topic") and the timestamps in their header are set. If topics are coming from different computers, make sure the clocks of the computers are synchronized ("ntpdate"). Ajusting topic_queue_size (100) and sync_queue_size (100) can also help for better synchronization if framerates and/or delays are different. If topics are not published at the same rate, you could increase "sync_queue_size" and/or "topic_queue_size" parameters (current=100 and 100 respectively).
[rtabmap-1] rtabmap subscribed to (approx sync):
[rtabmap-1]    /tb3_1/camera/color/image_raw \
[rtabmap-1]    /tb3_1/camera/aligned_depth_to_color/image_raw \
[rtabmap-1]    /tb3_1/camera/aligned_depth_to_color/camera_info[0m
[rtabmap-1] [33m[WARN] [1782459247.116990594] [rtabmap.rtabmap]: rtabmap: Did not receive data since 5 seconds! Make sure the input topics are published ("$ ros2 topic hz my_topic") and the timestamps in their header are set. If topics are coming from different computers, make sure the clocks of the computers are synchronized ("ntpdate"). Ajusting topic_queue_size (100) and sync_queue_size (100) can also help for better synchronization if framerates and/or delays are different. If topics are not published at the same rate, you could increase "sync_queue_size" and/or "topic_queue_size" parameters (current=100 and 100 respectively).
[rtabmap-1] rtabmap subscribed to (approx sync):
[rtabmap-1]    /tb3_1/camera/color/image_raw \
[rtabmap-1]    /tb3_1/camera/aligned_depth_to_color/image_raw \
[rtabmap-1]    /tb3_1/camera/aligned_depth_to_color/camera_info[0m
[rtabmap-1] [33m[WARN] [1782459252.116537221] [rtabmap.rtabmap]: rtabmap: Did not receive data since 5 seconds! Make sure the input topics are published ("$ ros2 topic hz my_topic") and the timestamps in their header are set. If topics are coming from different computers, make sure the clocks of the computers are synchronized ("ntpdate"). Ajusting topic_queue_size (100) and sync_queue_size (100) can also help for better synchronization if framerates and/or delays are different. If topics are not published at the same rate, you could increase "sync_queue_size" and/or "topic_queue_size" parameters (current=100 and 100 respectively).
[rtabmap-1] rtabmap subscribed to (approx sync):
[rtabmap-1]    /tb3_1/camera/color/image_raw \
[rtabmap-1]    /tb3_1/camera/aligned_depth_to_color/image_raw \
[rtabmap-1]    /tb3_1/camera/aligned_depth_to_color/camera_info[0m
[rtabmap-1] [33m[WARN] [1782459257.116516251] [rtabmap.rtabmap]: rtabmap: Did not receive data since 5 seconds! Make sure the input topics are published ("$ ros2 topic hz my_topic") and the timestamps in their header are set. If topics are coming from different computers, make sure the clocks of the computers are synchronized ("ntpdate"). Ajusting topic_queue_size (100) and sync_queue_size (100) can also help for better synchronization if framerates and/or delays are different. If topics are not published at the same rate, you could increase "sync_queue_size" and/or "topic_queue_size" parameters (current=100 and 100 respectively).
[rtabmap-1] rtabmap subscribed to (approx sync):
[rtabmap-1]    /tb3_1/camera/color/image_raw \
[rtabmap-1]    /tb3_1/camera/aligned_depth_to_color/image_raw \
[rtabmap-1]    /tb3_1/camera/aligned_depth_to_color/camera_info[0m
[rtabmap-1] [33m[WARN] [1782459262.116494253] [rtabmap.rtabmap]: rtabmap: Did not receive data since 5 seconds! Make sure the input topics are published ("$ ros2 topic hz my_topic") and the timestamps in their header are set. If topics are coming from different computers, make sure the clocks of the computers are synchronized ("ntpdate"). Ajusting topic_queue_size (100) and sync_queue_size (100) can also help for better synchronization if framerates and/or delays are different. If topics are not published at the same rate, you could increase "sync_queue_size" and/or "topic_queue_size" parameters (current=100 and 100 respectively).
[rtabmap-1] rtabmap subscribed to (approx sync):
[rtabmap-1]    /tb3_1/camera/color/image_raw \
[rtabmap-1]    /tb3_1/camera/aligned_depth_to_color/image_raw \
[rtabmap-1]    /tb3_1/camera/aligned_depth_to_color/camera_info[0m
[rtabmap-1] [33m[WARN] [1782459267.116798839] [rtabmap.rtabmap]: rtabmap: Did not receive data since 5 seconds! Make sure the input topics are published ("$ ros2 topic hz my_topic") and the timestamps in their header are set. If topics are coming from different computers, make sure the clocks of the computers are synchronized ("ntpdate"). Ajusting topic_queue_size (100) and sync_queue_size (100) can also help for better synchronization if framerates and/or delays are different. If topics are not published at the same rate, you could increase "sync_queue_size" and/or "topic_queue_size" parameters (current=100 and 100 respectively).
[rtabmap-1] rtabmap subscribed to (approx sync):
[rtabmap-1]    /tb3_1/camera/color/image_raw \
[rtabmap-1]    /tb3_1/camera/aligned_depth_to_color/image_raw \
[rtabmap-1]    /tb3_1/camera/aligned_depth_to_color/camera_info[0m
[rtabmap-1] [33m[WARN] [1782459272.116342758] [rtabmap.rtabmap]: rtabmap: Did not receive data since 5 seconds! Make sure the input topics are published ("$ ros2 topic hz my_topic") and the timestamps in their header are set. If topics are coming from different computers, make sure the clocks of the computers are synchronized ("ntpdate"). Ajusting topic_queue_size (100) and sync_queue_size (100) can also help for better synchronization if framerates and/or delays are different. If topics are not published at the same rate, you could increase "sync_queue_size" and/or "topic_queue_size" parameters (current=100 and 100 respectively).
[rtabmap-1] rtabmap subscribed to (approx sync):
[rtabmap-1]    /tb3_1/camera/color/image_raw \
[rtabmap-1]    /tb3_1/camera/aligned_depth_to_color/image_raw \
[rtabmap-1]    /tb3_1/camera/aligned_depth_to_color/camera_info[0m
[rtabmap-1] [33m[WARN] [1782459277.116581427] [rtabmap.rtabmap]: rtabmap: Did not receive data since 5 seconds! Make sure the input topics are published ("$ ros2 topic hz my_topic") and the timestamps in their header are set. If topics are coming from different computers, make sure the clocks of the computers are synchronized ("ntpdate"). Ajusting topic_queue_size (100) and sync_queue_size (100) can also help for better synchronization if framerates and/or delays are different. If topics are not published at the same rate, you could increase "sync_queue_size" and/or "topic_queue_size" parameters (current=100 and 100 respectively).
[rtabmap-1] rtabmap subscribed to (approx sync):
[rtabmap-1]    /tb3_1/camera/color/image_raw \
[rtabmap-1]    /tb3_1/camera/aligned_depth_to_color/image_raw \
[rtabmap-1]    /tb3_1/camera/aligned_depth_to_color/camera_info[0m
[rtabmap-1] [33m[WARN] [1782459282.117385263] [rtabmap.rtabmap]: rtabmap: Did not receive data since 5 seconds! Make sure the input topics are published ("$ ros2 topic hz my_topic") and the timestamps in their header are set. If topics are coming from different computers, make sure the clocks of the computers are synchronized ("ntpdate"). Ajusting topic_queue_size (100) and sync_queue_size (100) can also help for better synchronization if framerates and/or delays are different. If topics are not published at the same rate, you could increase "sync_queue_size" and/or "topic_queue_size" parameters (current=100 and 100 respectively).
[rtabmap-1] rtabmap subscribed to (approx sync):
[rtabmap-1]    /tb3_1/camera/color/image_raw \
[rtabmap-1]    /tb3_1/camera/aligned_depth_to_color/image_raw \
[rtabmap-1]    /tb3_1/camera/aligned_depth_to_color/camera_info[0m
[rtabmap-1] [33m[WARN] [1782459287.121326293] [rtabmap.rtabmap]: rtabmap: Did not receive data since 5 seconds! Make sure the input topics are published ("$ ros2 topic hz my_topic") and the timestamps in their header are set. If topics are coming from different computers, make sure the clocks of the computers are synchronized ("ntpdate"). Ajusting topic_queue_size (100) and sync_queue_size (100) can also help for better synchronization if framerates and/or delays are different. If topics are not published at the same rate, you could increase "sync_queue_size" and/or "topic_queue_size" parameters (current=100 and 100 respectively).
[rtabmap-1] rtabmap subscribed to (approx sync):
[rtabmap-1]    /tb3_1/camera/color/image_raw \
[rtabmap-1]    /tb3_1/camera/aligned_depth_to_color/image_raw \
[rtabmap-1]    /tb3_1/camera/aligned_depth_to_color/camera_info[0m
[rtabmap-1] [33m[WARN] [1782459292.116142420] [rtabmap.rtabmap]: rtabmap: Did not receive data since 5 seconds! Make sure the input topics are published ("$ ros2 topic hz my_topic") and the timestamps in their header are set. If topics are coming from different computers, make sure the clocks of the computers are synchronized ("ntpdate"). Ajusting topic_queue_size (100) and sync_queue_size (100) can also help for better synchronization if framerates and/or delays are different. If topics are not published at the same rate, you could increase "sync_queue_size" and/or "topic_queue_size" parameters (current=100 and 100 respectively).
[rtabmap-1] rtabmap subscribed to (approx sync):
[rtabmap-1]    /tb3_1/camera/color/image_raw \
[rtabmap-1]    /tb3_1/camera/aligned_depth_to_color/image_raw \
[rtabmap-1]    /tb3_1/camera/aligned_depth_to_color/camera_info[0m
[rtabmap-1] [33m[WARN] [1782459297.121138422] [rtabmap.rtabmap]: rtabmap: Did not receive data since 5 seconds! Make sure the input topics are published ("$ ros2 topic hz my_topic") and the timestamps in their header are set. If topics are coming from different computers, make sure the clocks of the computers are synchronized ("ntpdate"). Ajusting topic_queue_size (100) and sync_queue_size (100) can also help for better synchronization if framerates and/or delays are different. If topics are not published at the same rate, you could increase "sync_queue_size" and/or "topic_queue_size" parameters (current=100 and 100 respectively).
[rtabmap-1] rtabmap subscribed to (approx sync):
[rtabmap-1]    /tb3_1/camera/color/image_raw \
[rtabmap-1]    /tb3_1/camera/aligned_depth_to_color/image_raw \
[rtabmap-1]    /tb3_1/camera/aligned_depth_to_color/camera_info[0m
[rtabmap-1] [33m[WARN] [1782459302.115919591] [rtabmap.rtabmap]: rtabmap: Did not receive data since 5 seconds! Make sure the input topics are published ("$ ros2 topic hz my_topic") and the timestamps in their header are set. If topics are coming from different computers, make sure the clocks of the computers are synchronized ("ntpdate"). Ajusting topic_queue_size (100) and sync_queue_size (100) can also help for better synchronization if framerates and/or delays are different. If topics are not published at the same rate, you could increase "sync_queue_size" and/or "topic_queue_size" parameters (current=100 and 100 respectively).
[rtabmap-1] rtabmap subscribed to (approx sync):
[rtabmap-1]    /tb3_1/camera/color/image_raw \
[rtabmap-1]    /tb3_1/camera/aligned_depth_to_color/image_raw \
[rtabmap-1]    /tb3_1/camera/aligned_depth_to_color/camera_info[0m
[rtabmap-1] [33m[WARN] [1782459307.119874469] [rtabmap.rtabmap]: rtabmap: Did not receive data since 5 seconds! Make sure the input topics are published ("$ ros2 topic hz my_topic") and the timestamps in their header are set. If topics are coming from different computers, make sure the clocks of the computers are synchronized ("ntpdate"). Ajusting topic_queue_size (100) and sync_queue_size (100) can also help for better synchronization if framerates and/or delays are different. If topics are not published at the same rate, you could increase "sync_queue_size" and/or "topic_queue_size" parameters (current=100 and 100 respectively).
[rtabmap-1] rtabmap subscribed to (approx sync):
[rtabmap-1]    /tb3_1/camera/color/image_raw \
[rtabmap-1]    /tb3_1/camera/aligned_depth_to_color/image_raw \
[rtabmap-1]    /tb3_1/camera/aligned_depth_to_color/camera_info[0m
[rtabmap-1] [33m[WARN] [1782459312.116447013] [rtabmap.rtabmap]: rtabmap: Did not receive data since 5 seconds! Make sure the input topics are published ("$ ros2 topic hz my_topic") and the timestamps in their header are set. If topics are coming from different computers, make sure the clocks of the computers are synchronized ("ntpdate"). Ajusting topic_queue_size (100) and sync_queue_size (100) can also help for better synchronization if framerates and/or delays are different. If topics are not published at the same rate, you could increase "sync_queue_size" and/or "topic_queue_size" parameters (current=100 and 100 respectively).
[rtabmap-1] rtabmap subscribed to (approx sync):
[rtabmap-1]    /tb3_1/camera/color/image_raw \
[rtabmap-1]    /tb3_1/camera/aligned_depth_to_color/image_raw \
[rtabmap-1]    /tb3_1/camera/aligned_depth_to_color/camera_info[0m
[rtabmap-1] [33m[WARN] [1782459317.119720418] [rtabmap.rtabmap]: rtabmap: Did not receive data since 5 seconds! Make sure the input topics are published ("$ ros2 topic hz my_topic") and the timestamps in their header are set. If topics are coming from different computers, make sure the clocks of the computers are synchronized ("ntpdate"). Ajusting topic_queue_size (100) and sync_queue_size (100) can also help for better synchronization if framerates and/or delays are different. If topics are not published at the same rate, you could increase "sync_queue_size" and/or "topic_queue_size" parameters (current=100 and 100 respectively).
[rtabmap-1] rtabmap subscribed to (approx sync):
[rtabmap-1]    /tb3_1/camera/color/image_raw \
[rtabmap-1]    /tb3_1/camera/aligned_depth_to_color/image_raw \
[rtabmap-1]    /tb3_1/camera/aligned_depth_to_color/camera_info[0m
[rtabmap-1] [33m[WARN] [1782459322.115289920] [rtabmap.rtabmap]: rtabmap: Did not receive data since 5 seconds! Make sure the input topics are published ("$ ros2 topic hz my_topic") and the timestamps in their header are set. If topics are coming from different computers, make sure the clocks of the computers are synchronized ("ntpdate"). Ajusting topic_queue_size (100) and sync_queue_size (100) can also help for better synchronization if framerates and/or delays are different. If topics are not published at the same rate, you could increase "sync_queue_size" and/or "topic_queue_size" parameters (current=100 and 100 respectively).
[rtabmap-1] rtabmap subscribed to (approx sync):
[rtabmap-1]    /tb3_1/camera/color/image_raw \
[rtabmap-1]    /tb3_1/camera/aligned_depth_to_color/image_raw \
[rtabmap-1]    /tb3_1/camera/aligned_depth_to_color/camera_info[0m
[rtabmap-1] [33m[WARN] [1782459327.117758506] [rtabmap.rtabmap]: rtabmap: Did not receive data since 5 seconds! Make sure the input topics are published ("$ ros2 topic hz my_topic") and the timestamps in their header are set. If topics are coming from different computers, make sure the clocks of the computers are synchronized ("ntpdate"). Ajusting topic_queue_size (100) and sync_queue_size (100) can also help for better synchronization if framerates and/or delays are different. If topics are not published at the same rate, you could increase "sync_queue_size" and/or "topic_queue_size" parameters (current=100 and 100 respectively).
[rtabmap-1] rtabmap subscribed to (approx sync):
[rtabmap-1]    /tb3_1/camera/color/image_raw \
[rtabmap-1]    /tb3_1/camera/aligned_depth_to_color/image_raw \
[rtabmap-1]    /tb3_1/camera/aligned_depth_to_color/camera_info[0m
[rtabmap-1] [33m[WARN] [1782459332.118097675] [rtabmap.rtabmap]: rtabmap: Did not receive data since 5 seconds! Make sure the input topics are published ("$ ros2 topic hz my_topic") and the timestamps in their header are set. If topics are coming from different computers, make sure the clocks of the computers are synchronized ("ntpdate"). Ajusting topic_queue_size (100) and sync_queue_size (100) can also help for better synchronization if framerates and/or delays are different. If topics are not published at the same rate, you could increase "sync_queue_size" and/or "topic_queue_size" parameters (current=100 and 100 respectively).
[rtabmap-1] rtabmap subscribed to (approx sync):
[rtabmap-1]    /tb3_1/camera/color/image_raw \
[rtabmap-1]    /tb3_1/camera/aligned_depth_to_color/image_raw \
[rtabmap-1]    /tb3_1/camera/aligned_depth_to_color/camera_info[0m
[rtabmap-1] [33m[WARN] [1782459337.121223427] [rtabmap.rtabmap]: rtabmap: Did not receive data since 5 seconds! Make sure the input topics are published ("$ ros2 topic hz my_topic") and the timestamps in their header are set. If topics are coming from different computers, make sure the clocks of the computers are synchronized ("ntpdate"). Ajusting topic_queue_size (100) and sync_queue_size (100) can also help for better synchronization if framerates and/or delays are different. If topics are not published at the same rate, you could increase "sync_queue_size" and/or "topic_queue_size" parameters (current=100 and 100 respectively).
[rtabmap-1] rtabmap subscribed to (approx sync):
[rtabmap-1]    /tb3_1/camera/color/image_raw \
[rtabmap-1]    /tb3_1/camera/aligned_depth_to_color/image_raw \
[rtabmap-1]    /tb3_1/camera/aligned_depth_to_color/camera_info[0m
[rtabmap-1] [33m[WARN] [1782459342.117822680] [rtabmap.rtabmap]: rtabmap: Did not receive data since 5 seconds! Make sure the input topics are published ("$ ros2 topic hz my_topic") and the timestamps in their header are set. If topics are coming from different computers, make sure the clocks of the computers are synchronized ("ntpdate"). Ajusting topic_queue_size (100) and sync_queue_size (100) can also help for better synchronization if framerates and/or delays are different. If topics are not published at the same rate, you could increase "sync_queue_size" and/or "topic_queue_size" parameters (current=100 and 100 respectively).
[rtabmap-1] rtabmap subscribed to (approx sync):
[rtabmap-1]    /tb3_1/camera/color/image_raw \
[rtabmap-1]    /tb3_1/camera/aligned_depth_to_color/image_raw \
[rtabmap-1]    /tb3_1/camera/aligned_depth_to_color/camera_info[0m
[rtabmap-1] [33m[WARN] [1782459347.119386918] [rtabmap.rtabmap]: rtabmap: Did not receive data since 5 seconds! Make sure the input topics are published ("$ ros2 topic hz my_topic") and the timestamps in their header are set. If topics are coming from different computers, make sure the clocks of the computers are synchronized ("ntpdate"). Ajusting topic_queue_size (100) and sync_queue_size (100) can also help for better synchronization if framerates and/or delays are different. If topics are not published at the same rate, you could increase "sync_queue_size" and/or "topic_queue_size" parameters (current=100 and 100 respectively).
[rtabmap-1] rtabmap subscribed to (approx sync):
[rtabmap-1]    /tb3_1/camera/color/image_raw \
[rtabmap-1]    /tb3_1/camera/aligned_depth_to_color/image_raw \
[rtabmap-1]    /tb3_1/camera/aligned_depth_to_color/camera_info[0m
