[INFO] [launch]: All log files can be found below /root/.ros/log/2026-06-26-06-57-43-137658-86aa9b557817-24
[INFO] [launch]: Default logging verbosity is set to INFO
[INFO] [rtabmap-1]: process started with pid [30]
[rtabmap-1] [0m[INFO] [1782457064.049762753] [rtabmap.rtabmap]: rtabmap(maps): latch                      = true[0m
[rtabmap-1] [0m[INFO] [1782457064.052303836] [rtabmap.rtabmap]: rtabmap(maps): map_filter_radius          = 0.000000[0m
[rtabmap-1] [0m[INFO] [1782457064.053242503] [rtabmap.rtabmap]: rtabmap(maps): map_filter_angle           = 30.000000[0m
[rtabmap-1] [0m[INFO] [1782457064.053721836] [rtabmap.rtabmap]: rtabmap(maps): map_cleanup                = true[0m
[rtabmap-1] [0m[INFO] [1782457064.053728794] [rtabmap.rtabmap]: rtabmap(maps): map_always_update          = false[0m
[rtabmap-1] [0m[INFO] [1782457064.053742003] [rtabmap.rtabmap]: rtabmap(maps): map_empty_ray_tracing      = true[0m
[rtabmap-1] [0m[INFO] [1782457064.053747544] [rtabmap.rtabmap]: rtabmap(maps): cloud_output_voxelized     = true[0m
[rtabmap-1] [0m[INFO] [1782457064.053760003] [rtabmap.rtabmap]: rtabmap(maps): cloud_subtract_filtering   = false[0m
[rtabmap-1] [0m[INFO] [1782457064.053765169] [rtabmap.rtabmap]: rtabmap(maps): cloud_subtract_filtering_min_neighbors = 2[0m
[rtabmap-1] [0m[INFO] [1782457064.053855419] [rtabmap.rtabmap]: rtabmap(maps): octomap_tree_depth         = 16[0m
[rtabmap-1] [0m[INFO] [1782457064.082264378] [rtabmap.rtabmap]: rtabmap: frame_id      = tb3_1/base_footprint[0m
[rtabmap-1] [0m[INFO] [1782457064.082308919] [rtabmap.rtabmap]: rtabmap: odom_frame_id = tb3_1/odom[0m
[rtabmap-1] [0m[INFO] [1782457064.082691378] [rtabmap.rtabmap]: rtabmap: map_frame_id  = map[0m
[rtabmap-1] [0m[INFO] [1782457064.082724503] [rtabmap.rtabmap]: rtabmap: log_to_rosout_level  = 4[0m
[rtabmap-1] [0m[INFO] [1782457064.083038044] [rtabmap.rtabmap]: rtabmap: initial_pose  = [0m
[rtabmap-1] [0m[INFO] [1782457064.083261794] [rtabmap.rtabmap]: rtabmap: use_action_for_goal  = false[0m
[rtabmap-1] [0m[INFO] [1782457064.083303378] [rtabmap.rtabmap]: rtabmap: tf_delay      = 0.050000[0m
[rtabmap-1] [0m[INFO] [1782457064.083654169] [rtabmap.rtabmap]: rtabmap: tf_tolerance  = 0.100000[0m
[rtabmap-1] [0m[INFO] [1782457064.083676044] [rtabmap.rtabmap]: rtabmap: odom_sensor_sync   = false[0m
[rtabmap-1] [0m[INFO] [1782457064.083701128] [rtabmap.rtabmap]: rtabmap: pub_loc_pose_only_when_localizing = false[0m
[rtabmap-1] [0m[INFO] [1782457064.083720878] [rtabmap.rtabmap]: rtabmap: wait_for_transform = 0.200000[0m
[rtabmap-1] [0m[INFO] [1782457064.083734003] [rtabmap.rtabmap]: rtabmap: gen_scan  = false[0m
[rtabmap-1] [0m[INFO] [1782457064.083741544] [rtabmap.rtabmap]: rtabmap: gen_depth  = false[0m
[rtabmap-1] [0m[INFO] [1782457064.115762211] [rtabmap.rtabmap]: Setting RTAB-Map parameter "Mem/IncrementalMemory"="true" (rosparam)[0m
[rtabmap-1] [0m[INFO] [1782457064.116521836] [rtabmap.rtabmap]: Setting RTAB-Map parameter "Mem/InitWMWithAllNodes"="false" (rosparam)[0m
[rtabmap-1] [0m[INFO] [1782457064.199747086] [rtabmap.rtabmap]: RTAB-Map detection rate = 1.000000 Hz[0m
[rtabmap-1] [0m[INFO] [1782457064.201170711] [rtabmap.rtabmap]: rtabmap: Using database from "/out/rtabmap.db" (0 MB).[0m
[rtabmap-1] [0m[INFO] [1782457064.241517003] [rtabmap.rtabmap]: rtabmap: Database version = "0.22.1".[0m
[rtabmap-1] [0m[INFO] [1782457064.241979003] [rtabmap.rtabmap]: rtabmap: SLAM mode (Mem/IncrementalMemory=true)[0m
[rtabmap-1] [0m[INFO] [1782457064.268584711] [rtabmap.rtabmap]: Setup callbacks[0m
[rtabmap-1] [0m[INFO] [1782457064.270902419] [rtabmap.rtabmap]: rtabmap: subscribe_depth = true[0m
[rtabmap-1] [0m[INFO] [1782457064.270937003] [rtabmap.rtabmap]: rtabmap: subscribe_rgb = true[0m
[rtabmap-1] [0m[INFO] [1782457064.271112586] [rtabmap.rtabmap]: rtabmap: subscribe_stereo = false[0m
[rtabmap-1] [0m[INFO] [1782457064.271137836] [rtabmap.rtabmap]: rtabmap: subscribe_rgbd = false (rgbd_cameras=1)[0m
[rtabmap-1] [0m[INFO] [1782457064.271171628] [rtabmap.rtabmap]: rtabmap: subscribe_sensor_data = false[0m
[rtabmap-1] [0m[INFO] [1782457064.271184711] [rtabmap.rtabmap]: rtabmap: subscribe_odom_info = false[0m
[rtabmap-1] [0m[INFO] [1782457064.271190128] [rtabmap.rtabmap]: rtabmap: subscribe_user_data = false[0m
[rtabmap-1] [0m[INFO] [1782457064.271199961] [rtabmap.rtabmap]: rtabmap: subscribe_scan = false[0m
[rtabmap-1] [0m[INFO] [1782457064.271205044] [rtabmap.rtabmap]: rtabmap: subscribe_scan_cloud = false[0m
[rtabmap-1] [0m[INFO] [1782457064.271216044] [rtabmap.rtabmap]: rtabmap: subscribe_scan_descriptor = false[0m
[rtabmap-1] [0m[INFO] [1782457064.271335169] [rtabmap.rtabmap]: rtabmap: topic_queue_size = 10[0m
[rtabmap-1] [0m[INFO] [1782457064.271440628] [rtabmap.rtabmap]: rtabmap: sync_queue_size  = 10[0m
[rtabmap-1] [0m[INFO] [1782457064.271476419] [rtabmap.rtabmap]: rtabmap: qos_image       = 0[0m
[rtabmap-1] [0m[INFO] [1782457064.271513878] [rtabmap.rtabmap]: rtabmap: qos_camera_info = 0[0m
[rtabmap-1] [0m[INFO] [1782457064.271567003] [rtabmap.rtabmap]: rtabmap: qos_scan        = 0[0m
[rtabmap-1] [0m[INFO] [1782457064.271612253] [rtabmap.rtabmap]: rtabmap: qos_odom        = 0[0m
[rtabmap-1] [0m[INFO] [1782457064.271686419] [rtabmap.rtabmap]: rtabmap: qos_user_data   = 0[0m
[rtabmap-1] [0m[INFO] [1782457064.271708378] [rtabmap.rtabmap]: rtabmap: approx_sync     = true[0m
[rtabmap-1] [0m[INFO] [1782457064.271935503] [rtabmap.rtabmap]: Setup depth callback[0m
[rtabmap-1] [0m[INFO] [1782457064.292247461] [rtabmap.rtabmap]: 
[rtabmap-1] rtabmap subscribed to (approx sync):
[rtabmap-1]    /tb3_1/camera/color/image_raw \
[rtabmap-1]    /tb3_1/camera/aligned_depth_to_color/image_raw \
[rtabmap-1]    /tb3_1/camera/aligned_depth_to_color/camera_info[0m
[rtabmap-1] [33m[WARN] [1782457079.301958510] [rtabmap.rtabmap]: rtabmap: Did not receive data since 5 seconds! Make sure the input topics are published ("$ ros2 topic hz my_topic") and the timestamps in their header are set. If topics are coming from different computers, make sure the clocks of the computers are synchronized ("ntpdate"). Ajusting topic_queue_size (10) and sync_queue_size (10) can also help for better synchronization if framerates and/or delays are different. If topics are not published at the same rate, you could increase "sync_queue_size" and/or "topic_queue_size" parameters (current=10 and 10 respectively).
[rtabmap-1] rtabmap subscribed to (approx sync):
[rtabmap-1]    /tb3_1/camera/color/image_raw \
[rtabmap-1]    /tb3_1/camera/aligned_depth_to_color/image_raw \
[rtabmap-1]    /tb3_1/camera/aligned_depth_to_color/camera_info[0m
[rtabmap-1] [33m[WARN] [1782457084.301653471] [rtabmap.rtabmap]: rtabmap: Did not receive data since 5 seconds! Make sure the input topics are published ("$ ros2 topic hz my_topic") and the timestamps in their header are set. If topics are coming from different computers, make sure the clocks of the computers are synchronized ("ntpdate"). Ajusting topic_queue_size (10) and sync_queue_size (10) can also help for better synchronization if framerates and/or delays are different. If topics are not published at the same rate, you could increase "sync_queue_size" and/or "topic_queue_size" parameters (current=10 and 10 respectively).
[rtabmap-1] rtabmap subscribed to (approx sync):
[rtabmap-1]    /tb3_1/camera/color/image_raw \
[rtabmap-1]    /tb3_1/camera/aligned_depth_to_color/image_raw \
[rtabmap-1]    /tb3_1/camera/aligned_depth_to_color/camera_info[0m
[rtabmap-1] [33m[WARN] [1782457089.302019542] [rtabmap.rtabmap]: rtabmap: Did not receive data since 5 seconds! Make sure the input topics are published ("$ ros2 topic hz my_topic") and the timestamps in their header are set. If topics are coming from different computers, make sure the clocks of the computers are synchronized ("ntpdate"). Ajusting topic_queue_size (10) and sync_queue_size (10) can also help for better synchronization if framerates and/or delays are different. If topics are not published at the same rate, you could increase "sync_queue_size" and/or "topic_queue_size" parameters (current=10 and 10 respectively).
[rtabmap-1] rtabmap subscribed to (approx sync):
[rtabmap-1]    /tb3_1/camera/color/image_raw \
[rtabmap-1]    /tb3_1/camera/aligned_depth_to_color/image_raw \
[rtabmap-1]    /tb3_1/camera/aligned_depth_to_color/camera_info[0m
[rtabmap-1] [33m[WARN] [1782457094.302482128] [rtabmap.rtabmap]: rtabmap: Did not receive data since 5 seconds! Make sure the input topics are published ("$ ros2 topic hz my_topic") and the timestamps in their header are set. If topics are coming from different computers, make sure the clocks of the computers are synchronized ("ntpdate"). Ajusting topic_queue_size (10) and sync_queue_size (10) can also help for better synchronization if framerates and/or delays are different. If topics are not published at the same rate, you could increase "sync_queue_size" and/or "topic_queue_size" parameters (current=10 and 10 respectively).
[rtabmap-1] rtabmap subscribed to (approx sync):
[rtabmap-1]    /tb3_1/camera/color/image_raw \
[rtabmap-1]    /tb3_1/camera/aligned_depth_to_color/image_raw \
[rtabmap-1]    /tb3_1/camera/aligned_depth_to_color/camera_info[0m
[rtabmap-1] [33m[WARN] [1782457099.302421922] [rtabmap.rtabmap]: rtabmap: Did not receive data since 5 seconds! Make sure the input topics are published ("$ ros2 topic hz my_topic") and the timestamps in their header are set. If topics are coming from different computers, make sure the clocks of the computers are synchronized ("ntpdate"). Ajusting topic_queue_size (10) and sync_queue_size (10) can also help for better synchronization if framerates and/or delays are different. If topics are not published at the same rate, you could increase "sync_queue_size" and/or "topic_queue_size" parameters (current=10 and 10 respectively).
[rtabmap-1] rtabmap subscribed to (approx sync):
[rtabmap-1]    /tb3_1/camera/color/image_raw \
[rtabmap-1]    /tb3_1/camera/aligned_depth_to_color/image_raw \
[rtabmap-1]    /tb3_1/camera/aligned_depth_to_color/camera_info[0m
[rtabmap-1] [33m[WARN] [1782457104.302415716] [rtabmap.rtabmap]: rtabmap: Did not receive data since 5 seconds! Make sure the input topics are published ("$ ros2 topic hz my_topic") and the timestamps in their header are set. If topics are coming from different computers, make sure the clocks of the computers are synchronized ("ntpdate"). Ajusting topic_queue_size (10) and sync_queue_size (10) can also help for better synchronization if framerates and/or delays are different. If topics are not published at the same rate, you could increase "sync_queue_size" and/or "topic_queue_size" parameters (current=10 and 10 respectively).
[rtabmap-1] rtabmap subscribed to (approx sync):
[rtabmap-1]    /tb3_1/camera/color/image_raw \
[rtabmap-1]    /tb3_1/camera/aligned_depth_to_color/image_raw \
[rtabmap-1]    /tb3_1/camera/aligned_depth_to_color/camera_info[0m
[rtabmap-1] [33m[WARN] [1782457109.302538385] [rtabmap.rtabmap]: rtabmap: Did not receive data since 5 seconds! Make sure the input topics are published ("$ ros2 topic hz my_topic") and the timestamps in their header are set. If topics are coming from different computers, make sure the clocks of the computers are synchronized ("ntpdate"). Ajusting topic_queue_size (10) and sync_queue_size (10) can also help for better synchronization if framerates and/or delays are different. If topics are not published at the same rate, you could increase "sync_queue_size" and/or "topic_queue_size" parameters (current=10 and 10 respectively).
[rtabmap-1] rtabmap subscribed to (approx sync):
[rtabmap-1]    /tb3_1/camera/color/image_raw \
[rtabmap-1]    /tb3_1/camera/aligned_depth_to_color/image_raw \
[rtabmap-1]    /tb3_1/camera/aligned_depth_to_color/camera_info[0m
[rtabmap-1] [33m[WARN] [1782457114.302090262] [rtabmap.rtabmap]: rtabmap: Did not receive data since 5 seconds! Make sure the input topics are published ("$ ros2 topic hz my_topic") and the timestamps in their header are set. If topics are coming from different computers, make sure the clocks of the computers are synchronized ("ntpdate"). Ajusting topic_queue_size (10) and sync_queue_size (10) can also help for better synchronization if framerates and/or delays are different. If topics are not published at the same rate, you could increase "sync_queue_size" and/or "topic_queue_size" parameters (current=10 and 10 respectively).
[rtabmap-1] rtabmap subscribed to (approx sync):
[rtabmap-1]    /tb3_1/camera/color/image_raw \
[rtabmap-1]    /tb3_1/camera/aligned_depth_to_color/image_raw \
[rtabmap-1]    /tb3_1/camera/aligned_depth_to_color/camera_info[0m
[rtabmap-1] [33m[WARN] [1782457119.302253792] [rtabmap.rtabmap]: rtabmap: Did not receive data since 5 seconds! Make sure the input topics are published ("$ ros2 topic hz my_topic") and the timestamps in their header are set. If topics are coming from different computers, make sure the clocks of the computers are synchronized ("ntpdate"). Ajusting topic_queue_size (10) and sync_queue_size (10) can also help for better synchronization if framerates and/or delays are different. If topics are not published at the same rate, you could increase "sync_queue_size" and/or "topic_queue_size" parameters (current=10 and 10 respectively).
[rtabmap-1] rtabmap subscribed to (approx sync):
[rtabmap-1]    /tb3_1/camera/color/image_raw \
[rtabmap-1]    /tb3_1/camera/aligned_depth_to_color/image_raw \
[rtabmap-1]    /tb3_1/camera/aligned_depth_to_color/camera_info[0m
[rtabmap-1] [33m[WARN] [1782457124.302434253] [rtabmap.rtabmap]: rtabmap: Did not receive data since 5 seconds! Make sure the input topics are published ("$ ros2 topic hz my_topic") and the timestamps in their header are set. If topics are coming from different computers, make sure the clocks of the computers are synchronized ("ntpdate"). Ajusting topic_queue_size (10) and sync_queue_size (10) can also help for better synchronization if framerates and/or delays are different. If topics are not published at the same rate, you could increase "sync_queue_size" and/or "topic_queue_size" parameters (current=10 and 10 respectively).
[rtabmap-1] rtabmap subscribed to (approx sync):
[rtabmap-1]    /tb3_1/camera/color/image_raw \
[rtabmap-1]    /tb3_1/camera/aligned_depth_to_color/image_raw \
[rtabmap-1]    /tb3_1/camera/aligned_depth_to_color/camera_info[0m
[rtabmap-1] [33m[WARN] [1782457129.303169255] [rtabmap.rtabmap]: rtabmap: Did not receive data since 5 seconds! Make sure the input topics are published ("$ ros2 topic hz my_topic") and the timestamps in their header are set. If topics are coming from different computers, make sure the clocks of the computers are synchronized ("ntpdate"). Ajusting topic_queue_size (10) and sync_queue_size (10) can also help for better synchronization if framerates and/or delays are different. If topics are not published at the same rate, you could increase "sync_queue_size" and/or "topic_queue_size" parameters (current=10 and 10 respectively).
[rtabmap-1] rtabmap subscribed to (approx sync):
[rtabmap-1]    /tb3_1/camera/color/image_raw \
[rtabmap-1]    /tb3_1/camera/aligned_depth_to_color/image_raw \
[rtabmap-1]    /tb3_1/camera/aligned_depth_to_color/camera_info[0m
[rtabmap-1] [33m[WARN] [1782457134.302287591] [rtabmap.rtabmap]: rtabmap: Did not receive data since 5 seconds! Make sure the input topics are published ("$ ros2 topic hz my_topic") and the timestamps in their header are set. If topics are coming from different computers, make sure the clocks of the computers are synchronized ("ntpdate"). Ajusting topic_queue_size (10) and sync_queue_size (10) can also help for better synchronization if framerates and/or delays are different. If topics are not published at the same rate, you could increase "sync_queue_size" and/or "topic_queue_size" parameters (current=10 and 10 respectively).
[rtabmap-1] rtabmap subscribed to (approx sync):
[rtabmap-1]    /tb3_1/camera/color/image_raw \
[rtabmap-1]    /tb3_1/camera/aligned_depth_to_color/image_raw \
[rtabmap-1]    /tb3_1/camera/aligned_depth_to_color/camera_info[0m
[rtabmap-1] [33m[WARN] [1782457139.302049843] [rtabmap.rtabmap]: rtabmap: Did not receive data since 5 seconds! Make sure the input topics are published ("$ ros2 topic hz my_topic") and the timestamps in their header are set. If topics are coming from different computers, make sure the clocks of the computers are synchronized ("ntpdate"). Ajusting topic_queue_size (10) and sync_queue_size (10) can also help for better synchronization if framerates and/or delays are different. If topics are not published at the same rate, you could increase "sync_queue_size" and/or "topic_queue_size" parameters (current=10 and 10 respectively).
[rtabmap-1] rtabmap subscribed to (approx sync):
[rtabmap-1]    /tb3_1/camera/color/image_raw \
[rtabmap-1]    /tb3_1/camera/aligned_depth_to_color/image_raw \
[rtabmap-1]    /tb3_1/camera/aligned_depth_to_color/camera_info[0m
[rtabmap-1] [33m[WARN] [1782457144.305092096] [rtabmap.rtabmap]: rtabmap: Did not receive data since 5 seconds! Make sure the input topics are published ("$ ros2 topic hz my_topic") and the timestamps in their header are set. If topics are coming from different computers, make sure the clocks of the computers are synchronized ("ntpdate"). Ajusting topic_queue_size (10) and sync_queue_size (10) can also help for better synchronization if framerates and/or delays are different. If topics are not published at the same rate, you could increase "sync_queue_size" and/or "topic_queue_size" parameters (current=10 and 10 respectively).
[rtabmap-1] rtabmap subscribed to (approx sync):
[rtabmap-1]    /tb3_1/camera/color/image_raw \
[rtabmap-1]    /tb3_1/camera/aligned_depth_to_color/image_raw \
[rtabmap-1]    /tb3_1/camera/aligned_depth_to_color/camera_info[0m
[rtabmap-1] [33m[WARN] [1782457149.301553834] [rtabmap.rtabmap]: rtabmap: Did not receive data since 5 seconds! Make sure the input topics are published ("$ ros2 topic hz my_topic") and the timestamps in their header are set. If topics are coming from different computers, make sure the clocks of the computers are synchronized ("ntpdate"). Ajusting topic_queue_size (10) and sync_queue_size (10) can also help for better synchronization if framerates and/or delays are different. If topics are not published at the same rate, you could increase "sync_queue_size" and/or "topic_queue_size" parameters (current=10 and 10 respectively).
[rtabmap-1] rtabmap subscribed to (approx sync):
[rtabmap-1]    /tb3_1/camera/color/image_raw \
[rtabmap-1]    /tb3_1/camera/aligned_depth_to_color/image_raw \
[rtabmap-1]    /tb3_1/camera/aligned_depth_to_color/camera_info[0m
[rtabmap-1] [33m[WARN] [1782457154.301551211] [rtabmap.rtabmap]: rtabmap: Did not receive data since 5 seconds! Make sure the input topics are published ("$ ros2 topic hz my_topic") and the timestamps in their header are set. If topics are coming from different computers, make sure the clocks of the computers are synchronized ("ntpdate"). Ajusting topic_queue_size (10) and sync_queue_size (10) can also help for better synchronization if framerates and/or delays are different. If topics are not published at the same rate, you could increase "sync_queue_size" and/or "topic_queue_size" parameters (current=10 and 10 respectively).
[rtabmap-1] rtabmap subscribed to (approx sync):
[rtabmap-1]    /tb3_1/camera/color/image_raw \
[rtabmap-1]    /tb3_1/camera/aligned_depth_to_color/image_raw \
[rtabmap-1]    /tb3_1/camera/aligned_depth_to_color/camera_info[0m
[rtabmap-1] [33m[WARN] [1782457159.301765505] [rtabmap.rtabmap]: rtabmap: Did not receive data since 5 seconds! Make sure the input topics are published ("$ ros2 topic hz my_topic") and the timestamps in their header are set. If topics are coming from different computers, make sure the clocks of the computers are synchronized ("ntpdate"). Ajusting topic_queue_size (10) and sync_queue_size (10) can also help for better synchronization if framerates and/or delays are different. If topics are not published at the same rate, you could increase "sync_queue_size" and/or "topic_queue_size" parameters (current=10 and 10 respectively).
[rtabmap-1] rtabmap subscribed to (approx sync):
[rtabmap-1]    /tb3_1/camera/color/image_raw \
[rtabmap-1]    /tb3_1/camera/aligned_depth_to_color/image_raw \
[rtabmap-1]    /tb3_1/camera/aligned_depth_to_color/camera_info[0m
[rtabmap-1] [33m[WARN] [1782457164.302060924] [rtabmap.rtabmap]: rtabmap: Did not receive data since 5 seconds! Make sure the input topics are published ("$ ros2 topic hz my_topic") and the timestamps in their header are set. If topics are coming from different computers, make sure the clocks of the computers are synchronized ("ntpdate"). Ajusting topic_queue_size (10) and sync_queue_size (10) can also help for better synchronization if framerates and/or delays are different. If topics are not published at the same rate, you could increase "sync_queue_size" and/or "topic_queue_size" parameters (current=10 and 10 respectively).
[rtabmap-1] rtabmap subscribed to (approx sync):
[rtabmap-1]    /tb3_1/camera/color/image_raw \
[rtabmap-1]    /tb3_1/camera/aligned_depth_to_color/image_raw \
[rtabmap-1]    /tb3_1/camera/aligned_depth_to_color/camera_info[0m
[rtabmap-1] [33m[WARN] [1782457169.304727010] [rtabmap.rtabmap]: rtabmap: Did not receive data since 5 seconds! Make sure the input topics are published ("$ ros2 topic hz my_topic") and the timestamps in their header are set. If topics are coming from different computers, make sure the clocks of the computers are synchronized ("ntpdate"). Ajusting topic_queue_size (10) and sync_queue_size (10) can also help for better synchronization if framerates and/or delays are different. If topics are not published at the same rate, you could increase "sync_queue_size" and/or "topic_queue_size" parameters (current=10 and 10 respectively).
[rtabmap-1] rtabmap subscribed to (approx sync):
[rtabmap-1]    /tb3_1/camera/color/image_raw \
[rtabmap-1]    /tb3_1/camera/aligned_depth_to_color/image_raw \
[rtabmap-1]    /tb3_1/camera/aligned_depth_to_color/camera_info[0m
[rtabmap-1] [33m[WARN] [1782457174.304761762] [rtabmap.rtabmap]: rtabmap: Did not receive data since 5 seconds! Make sure the input topics are published ("$ ros2 topic hz my_topic") and the timestamps in their header are set. If topics are coming from different computers, make sure the clocks of the computers are synchronized ("ntpdate"). Ajusting topic_queue_size (10) and sync_queue_size (10) can also help for better synchronization if framerates and/or delays are different. If topics are not published at the same rate, you could increase "sync_queue_size" and/or "topic_queue_size" parameters (current=10 and 10 respectively).
[rtabmap-1] rtabmap subscribed to (approx sync):
[rtabmap-1]    /tb3_1/camera/color/image_raw \
[rtabmap-1]    /tb3_1/camera/aligned_depth_to_color/image_raw \
[rtabmap-1]    /tb3_1/camera/aligned_depth_to_color/camera_info[0m
[rtabmap-1] [0m[INFO] [1782457175.005671304] [rclcpp]: signal_handler(SIGINT/SIGTERM)[0m
[rtabmap-1] [0m[INFO] [1782457175.029719721] [rtabmap.rtabmap]: Parameters are not saved (No configuration file provided...)[0m
[rtabmap-1] rtabmap: Saving database/long-term memory... (located at /out/rtabmap.db)
[rtabmap-1] rtabmap: Saving database/long-term memory...done! (located at /out/rtabmap.db, 0 MB)
[INFO] [rtabmap-1]: process has finished cleanly [pid 30]
